// Vitest Snapshot v1, https://vitest.dev/guide/snapshot.html

exports[`ControlStatus. Snapshots > Default 1`] = `
<div>
  <div
    class="_ControlStatus_3713ae"
    data-testid="control-status"
  >
    <svg
      aria-hidden="true"
      class="lucide lucide-circle _Circle_3713ae _Idle_3713ae"
      fill="none"
      height="24"
      stroke="currentColor"
      stroke-linecap="round"
      stroke-linejoin="round"
      stroke-width="2"
      viewBox="0 0 24 24"
      width="24"
      xmlns="http://www.w3.org/2000/svg"
    >
      <circle
        cx="12"
        cy="12"
        r="10"
      />
    </svg>
    <div
      class="_IconContent_3713ae"
    />
  </div>
</div>
`;
